-----------------------------------------------------------------------------------------------------------------------------
 - Assura Version      : 4.1_USR4_HF25 
 - Parser Version       : v1300 
 - Parsed Result File   : /home/saul/Assura/ASSURA_DRC/current_mirror1/alfa.log 
 - Parser Execution Date: 2016-29-2  
-----------------------------------------------------------------------------------------------------------------------------
     Rule              | Cat |                               Description                                        | Error count 
-----------------------------------------------------------------------------------------------------------------------------
GR268		|  b  | Maximum RX P+ jct in NW well to RX N-well contact in the same NW for no latchup. | 3
GRHV10		|  b  | (DIODENWX not over DIODE) must be connected in parallel to a similar diode in a  | 1
GR132_HV		|  c  | ((PC that intersects RX) not over {RXHVor RXHV_IBM}), area for a single PC shape | 2
